=== job ===
job id       980748
convention   hemisurface
cpus         4
numba cache  /scratch/project_2020170/dalec-numba-cache
which g++    /projappl/project_2020170/dalec-env/bin/g++
g++ version  g++ (conda-forge gcc 16.2.0-4) 16.2.0
which python /projappl/project_2020170/dalec-env/bin/python
log          results/calibrate_hemisurface_980748.log

Traceback (most recent call last):
  File "/ROIHU_TYKKY_gAAZHzS/miniforge/envs/env1/lib/python3.13/site-packages/xarray/backends/file_manager.py", line 219, in _acquire_with_cache_info
    file = self._cache[self._key]
           ~~~~~~~~~~~^^^^^^^^^^^
  File "/ROIHU_TYKKY_gAAZHzS/miniforge/envs/env1/lib/python3.13/site-packages/xarray/backends/lru_cache.py", line 56, in __getitem__
    value = self._cache[key]
            ~~~~~~~~~~~^^^^^
KeyError: [<class 'netCDF4._netCDF4.Dataset'>, ('/scratch/project_2020170/dalec-fi-hyy/data/processed/fi_hyy_calibration_1997_2010.nc',), 'r', (('clobber', True), ('diskless', False), ('format', 'NETCDF4'), ('persist', False)), '4516aa61-d6f3-4819-a988-7c4b3f0c64df']

During handling of the above exception, another exception occurred:

Traceback (most recent call last):
  File "/scratch/project_2020170/dalec-fi-hyy/scripts/04_calibrate.py", line 643, in <module>
    raise SystemExit(main())
                     ~~~~^^
  File "/scratch/project_2020170/dalec-fi-hyy/scripts/04_calibrate.py", line 458, in main
    block = SiteData.load(
        resolve_path(config["paths"]["processed_dir"])
        / f"{slug}_calibration_{calibration[0]}_{calibration[1]}.nc"
    )
  File "/scratch/project_2020170/dalec-fi-hyy/src/dalec/data_io.py", line 357, in load
    with xr.open_dataset(path) as dataset:
         ~~~~~~~~~~~~~~~^^^^^^
  File "/ROIHU_TYKKY_gAAZHzS/miniforge/envs/env1/lib/python3.13/site-packages/xarray/backends/api.py", line 613, in open_dataset
    backend_ds = backend.open_dataset(
        filename_or_obj,
    ...<2 lines>...
        **kwargs,
    )
  File "/ROIHU_TYKKY_gAAZHzS/miniforge/envs/env1/lib/python3.13/site-packages/xarray/backends/netCDF4_.py", line 771, in open_dataset
    store = NetCDF4DataStore.open(
        filename_or_obj,
    ...<8 lines>...
        autoclose=autoclose,
    )
  File "/ROIHU_TYKKY_gAAZHzS/miniforge/envs/env1/lib/python3.13/site-packages/xarray/backends/netCDF4_.py", line 529, in open
    return cls(manager, group=group, mode=mode, lock=lock, autoclose=autoclose)
  File "/ROIHU_TYKKY_gAAZHzS/miniforge/envs/env1/lib/python3.13/site-packages/xarray/backends/netCDF4_.py", line 429, in __init__
    self.format = self.ds.data_model
                  ^^^^^^^
  File "/ROIHU_TYKKY_gAAZHzS/miniforge/envs/env1/lib/python3.13/site-packages/xarray/backends/netCDF4_.py", line 538, in ds
    return self._acquire()
           ~~~~~~~~~~~~~^^
  File "/ROIHU_TYKKY_gAAZHzS/miniforge/envs/env1/lib/python3.13/site-packages/xarray/backends/netCDF4_.py", line 532, in _acquire
    with self._manager.acquire_context(needs_lock) as root:
         ~~~~~~~~~~~~~~~~~~~~~~~~~~~~~^^^^^^^^^^^^
  File "/ROIHU_TYKKY_gAAZHzS/miniforge/envs/env1/lib/python3.13/contextlib.py", line 141, in __enter__
    return next(self.gen)
  File "/ROIHU_TYKKY_gAAZHzS/miniforge/envs/env1/lib/python3.13/site-packages/xarray/backends/file_manager.py", line 207, in acquire_context
    file, cached = self._acquire_with_cache_info(needs_lock)
                   ~~~~~~~~~~~~~~~~~~~~~~~~~~~~~^^^^^^^^^^^^
  File "/ROIHU_TYKKY_gAAZHzS/miniforge/envs/env1/lib/python3.13/site-packages/xarray/backends/file_manager.py", line 225, in _acquire_with_cache_info
    file = self._opener(*self._args, **kwargs)
  File "src/netCDF4/_netCDF4.pyx", line 2522, in netCDF4._netCDF4.Dataset.__init__
  File "src/netCDF4/_netCDF4.pyx", line 2159, in netCDF4._netCDF4._ensure_nc_success
FileNotFoundError: [Errno 2] No such file or directory: '/scratch/project_2020170/dalec-fi-hyy/data/processed/fi_hyy_calibration_1997_2010.nc'
